main.c:110:6:HAL_UART_RxCpltCallback	16	static
main.c:136:5:main	8	static
main.c:226:6:SystemClock_Config	152	static
main.c:283:13:MX_I2C1_Init	8	static
main.c:329:13:MX_USART1_UART_Init	8	static
main.c:377:13:MX_USART3_UART_Init	8	static
main.c:423:13:MX_DMA_Init	16	static
main.c:442:13:MX_GPIO_Init	48	static
main.c:481:6:StartTask01	16	static
main.c:501:6:StartTask02	232	static
main.c:522:6:StartTask03	24	static
main.c:551:6:StartTask04	16	static
main.c:572:6:HAL_TIM_PeriodElapsedCallback	16	static
main.c:589:6:Error_Handler	4	static
