10:43:35 **** Incremental Build of configuration Debug for project faydaliyuk ****
make -j4 all 
arm-none-eabi-gcc "../Core/Src/main.c" -mcpu=cortex-m4 -std=gnu11 -g3 -DSTM32G431xx -DUSE_HAL_DRIVER -DDEBUG -c -I../Core/Inc -I../Drivers/STM32G4xx_HAL_Driver/Inc -I../Drivers/STM32G4xx_HAL_Driver/Inc/Legacy -I../Drivers/CMSIS/Device/ST/STM32G4xx/Include -I../Drivers/CMSIS/Include -O0 -ffunction-sections -fdata-sections -Wall -fstack-usage -MMD -MP -MF"Core/Src/main.d" -MT"Core/Src/main.o" --specs=nano.specs -mfpu=fpv4-sp-d16 -mfloat-abi=hard -mthumb -o "Core/Src/main.o"
arm-none-eabi-gcc -o "faydaliyuk.elf" @"objects.list"   -mcpu=cortex-m4 -T"C:\Users\Faruk\Desktop\roketsan\faydaliyuk\STM32G431KBTX_FLASH.ld" --specs=nosys.specs -Wl,-Map="faydaliyuk.map" -Wl,--gc-sections -static --specs=nano.specs -mfpu=fpv4-sp-d16 -mfloat-abi=hard -mthumb -Wl,--start-group -lc -lm -Wl,--end-group
Finished building target: faydaliyuk.elf
 
arm-none-eabi-objdump -h -S  faydaliyuk.elf  > "faydaliyuk.list"
arm-none-eabi-objcopy  -O binary  faydaliyuk.elf  "faydaliyuk.bin"
arm-none-eabi-size   faydaliyuk.elf 
   text	   data	    bss	    dec	    hex	filename
  26944	    484	   2140	  29568	   7380	faydaliyuk.elf
Finished building: default.size.stdout
 
Finished building: faydaliyuk.bin
 
Finished building: faydaliyuk.list
 

10:43:36 Build Finished. 0 errors, 0 warnings. (took 1s.185ms)

