10:13:17 **** Incremental Build of configuration Debug for project yedek ****
make -j4 all 
arm-none-eabi-gcc "../Core/Src/main.c" -mcpu=cortex-m4 -std=gnu11 -g3 -DSTM32G431xx -DUSE_HAL_DRIVER -DDEBUG -c -I../Core/Inc -I../Drivers/STM32G4xx_HAL_Driver/Inc -I../Drivers/STM32G4xx_HAL_Driver/Inc/Legacy -I../Drivers/CMSIS/Device/ST/STM32G4xx/Include -I../Drivers/CMSIS/Include -I../Middlewares/Third_Party/FreeRTOS/Source/include -I../Middlewares/Third_Party/FreeRTOS/Source/CMSIS_RTOS_V2 -I../Middlewares/Third_Party/FreeRTOS/Source/portable/GCC/ARM_CM4F -O0 -ffunction-sections -fdata-sections -Wall -fstack-usage -MMD -MP -MF"Core/Src/main.d" -MT"Core/Src/main.o" --specs=nano.specs -mfpu=fpv4-sp-d16 -mfloat-abi=hard -mthumb -o "Core/Src/main.o"
arm-none-eabi-gcc -o "yedek.elf" @"objects.list"   -mcpu=cortex-m4 -T"C:\Users\Faruk\Desktop\roketsan\yedek\STM32G431KBTX_FLASH.ld" --specs=nosys.specs -Wl,-Map="yedek.map" -Wl,--gc-sections -static --specs=nano.specs -mfpu=fpv4-sp-d16 -mfloat-abi=hard -mthumb -Wl,--start-group -lc -lm -Wl,--end-group
Finished building target: yedek.elf
 
arm-none-eabi-objdump -h -S  yedek.elf  > "yedek.list"
arm-none-eabi-objcopy  -O binary  yedek.elf  "yedek.bin"
arm-none-eabi-size   yedek.elf 
   text	   data	    bss	    dec	    hex	filename
  32660	    128	   8248	  41036	   a04c	yedek.elf
Finished building: default.size.stdout
 
Finished building: yedek.bin
 
Finished building: yedek.list
 

10:13:18 Build Finished. 0 errors, 0 warnings. (took 1s.379ms)

